Microchip MPLAB XC8 Compiler V2.10 ()

Linker command line:

-W-3 --edf=C:\Program Files (x86)\Microchip\xc8\v2.10\pic\dat\en_msgs.txt \
  -cs -h+dist/default/production\DC_Source_with_LCD.X.production.sym \
  --cmf=dist/default/production\DC_Source_with_LCD.X.production.cmf -z \
  -Q16F526 -oC:\Users\Reydw\AppData\Local\Temp\s6l8.2 \
  --defsym=__MPLAB_BUILD=1 \
  -Mdist/default/production/DC_Source_with_LCD.X.production.map -E1 \
  -ver=XC8 --acfsm=1493 -ASTACK=050h-05Fh -pstack=STACK \
  -ACODE=00h-01FFh,0200h-03FEh -ASTRCODE=00h-03FEh \
  -ASTRING=00h-0FFh,0200h-02FFh -AENTRY=00h-0FFh-01FFh,0200h-02FFh-03FEh \
  -ACOMMON=0Dh-0Fh -ABANK0=010h-01Fh -ABANK1=030h-03Fh -ABANK2=050h-05Fh \
  -ABANK3=070h-07Fh -ARAM=010h-01Fh,030h-03Fh,050h-05Fh,070h-07Fh \
  -AABS1=0Dh-01Fh,030h-03Fh,050h-05Fh,070h-07Fh -ASFR0=00h-0Fh \
  -ASFR1=020h-02Fh -ASFR2=040h-04Fh -ASFR3=060h-06Fh \
  -preset_vec=03ffh,reset_wrap=0h,init,end_init,cinit,clrtext \
  -ppowerup=CODE -pfunctab=ENTRY -ACONFIG=0FFFh-0FFFh -pconfig=CONFIG \
  -DCONFIG=2 -AIDLOC=0440h-0443h -pidloc=IDLOC -DIDLOC=2 -pstrings=-STRING \
  -DCODE=2 -DSTRCODE=2 -DSTRING=2 -DCONST=2 -DENTRY=2 -k \
  C:\Users\Reydw\AppData\Local\Temp\s6l8.o \
  dist/default/production\DC_Source_with_LCD.X.production.o 

Object code version is 3.11

Machine type is 16F526



                Name                               Link     Load   Length Selector   Space Scale
C:\Users\Reydw\AppData\Local\Temp\s6l8.o
                end_init                              0        0        2        0       0
                reset_vec                           3FF      3FF        1      7FE       0
                config                              FFF      FFF        1     1FFE       0
dist/default/production\DC_Source_with_LCD.X.production.o
                cinit                                 2        2        3        0       0
                text4                                F3       F3       71      1E6       0
                text3                                85       85       6E      10A       0
                text2                               3D4      3D4       2B      7A8       0
                jmp_tab                               5        5        8        0       0
                text1                                29       29       5C       52       0
                maintext                            164      164       9C      2C8       0
                cstackBANK0                          10       10       10       10       1
                cstackBANK1                          30       30        8       30       1

TOTAL           Name                               Link     Load   Length     Space
        CLASS   STACK          

        CLASS   CODE           
                reset_vec                           3FF      3FF        1         0
                text4                                F3       F3       71         0
                text3                                85       85       6E         0
                text2                               3D4      3D4       2B         0
                text1                                29       29       5C         0
                maintext                            164      164       9C         0

        CLASS   STRCODE        

        CLASS   STRING         

        CLASS   ENTRY          
                end_init                              0        0        2         0
                cinit                                 2        2        3         0
                jmp_tab                               5        5        8         0

        CLASS   COMMON         

        CLASS   BANK0          
                cstackBANK0                          10       10       10         1

        CLASS   BANK1          
                cstackBANK1                          30       30        8         1

        CLASS   BANK2          

        CLASS   BANK3          

        CLASS   RAM            

        CLASS   ABS1           
                abs_s1                                D        D        3         1

        CLASS   SFR0           

        CLASS   SFR1           

        CLASS   SFR2           

        CLASS   SFR3           

        CLASS   CONFIG         
                config                              FFF      FFF        1         0

        CLASS   IDLOC          

        CLASS   CONST          



SEGMENTS        Name                           Load    Length   Top    Selector   Space  Class     Delta

                reset_wrap                     000000  00000D  00000D         0       0  ENTRY       2
                cstackBANK0                    000010  000010  000020        10       1  BANK0       1
                cstackBANK1                    000030  000008  000038        30       1  BANK1       1
                text1                          000029  00005C  000085        52       0  CODE        2
                text3                          000085  00006E  0000F3       10A       0  CODE        2
                text4                          0000F3  000071  000164       1E6       0  CODE        2
                maintext                       000164  00009C  000200       2C8       0  CODE        2
                text2                          0003D4  00002B  0003FF       7A8       0  CODE        2
                reset_vec                      0003FF  000001  000400       7FE       0  CODE        2
                config                         000FFF  000001  001000      1FFE       0  CONFIG      2


UNUSED ADDRESS RANGES

        Name                Unused          Largest block    Delta
        BANK1            0038-003F              8           1
        BANK2            0050-005F             10           1
        BANK3            0070-007F             10           1
        CODE             000D-0028             1C           2
                         0200-03D3            1D4
        ENTRY            000D-0028             1C           2
                         0200-02FF+00D4        100
        IDLOC            0440-0443              4           2
        RAM              0038-003F              8           1
                         0050-005F             10
                         0070-007F             10
        SFR0             0000-000C              D           1
        SFR1             0020-002F             10           1
        SFR2             0040-004F             10           1
        SFR3             0060-006F             10           1
        STACK            0050-005F             10           1
        STRCODE          000D-0028             1C           2
                         0200-03D3            1D4
        STRING           000D-0028             1C           2
                         0200-02FF            100

                                  Symbol Table

?___awdiv                cstackBANK0 0016
?___awmod                cstackBANK1 0030
?___wmul                 cstackBANK0 0010
_ADCON0                  (abs)       0009
_ADCON0bits              (abs)       0009
_ADRES                   (abs)       000A
_CM1CON0                 (abs)       0008
_CM2CON0                 (abs)       000B
_OPTION                  (abs)       0000
_PORTB                   (abs)       0006
_PORTC                   (abs)       0007
_TRISB                   (abs)       0006
_TRISC                   (abs)       0007
__CFG_CP$OFF             (abs)       0000
__CFG_CPDF$OFF           (abs)       0000
__CFG_FOSC$INTRC_RB4     (abs)       0000
__CFG_IOSCFS$4MHz        (abs)       0000
__CFG_MCLRE$OFF          (abs)       0000
__CFG_WDTE$OFF           (abs)       0000
__Habs1                  abs1        0000
__Hbank0                 bank0       0000
__Hbank1                 bank1       0000
__Hbank2                 bank2       0000
__Hbank3                 bank3       0000
__Hcinit                 cinit       0005
__Hclrtext               clrtext     0005
__Hcode                  code        0000
__Hcommon                common      0000
__Hconfig                config      1000
__HcstackBANK0           cstackBANK0 0000
__HcstackBANK1           cstackBANK1 0000
__Hend_init              end_init    0002
__Hfunctab               functab     0000
__Hidloc                 idloc       0000
__Hinit                  init        0000
__Hjmp_tab               jmp_tab     0000
__Hmaintext              maintext    0000
__Hpowerup               powerup     0000
__Hram                   ram         0000
__Hreset_vec             reset_vec   0400
__Hreset_wrap            reset_wrap  0000
__Hsfr0                  sfr0        0000
__Hsfr1                  sfr1        0000
__Hsfr2                  sfr2        0000
__Hsfr3                  sfr3        0000
__Hspace_0               (abs)       1000
__Hspace_1               (abs)       0038
__Hspace_2               (abs)       0000
__Hstack                 stack       0000
__Hstrings               strings     0000
__Htext                  text        0000
__Labs1                  abs1        0000
__Lbank0                 bank0       0000
__Lbank1                 bank1       0000
__Lbank2                 bank2       0000
__Lbank3                 bank3       0000
__Lcinit                 cinit       0002
__Lclrtext               clrtext     0005
__Lcode                  code        0000
__Lcommon                common      0000
__Lconfig                config      0FFF
__LcstackBANK0           cstackBANK0 0000
__LcstackBANK1           cstackBANK1 0000
__Lend_init              end_init    0000
__Lfunctab               functab     0000
__Lidloc                 idloc       0000
__Linit                  init        0000
__Ljmp_tab               jmp_tab     0000
__Lmaintext              maintext    0000
__Lpowerup               powerup     0000
__Lram                   ram         0000
__Lreset_vec             reset_vec   03FF
__Lreset_wrap            reset_wrap  0000
__Lsfr0                  sfr0        0000
__Lsfr1                  sfr1        0000
__Lsfr2                  sfr2        0000
__Lsfr3                  sfr3        0000
__Lspace_0               (abs)       0000
__Lspace_1               (abs)       0000
__Lspace_2               (abs)       0000
__Lstack                 stack       0000
__Lstrings               strings     0000
__Ltext                  text        0000
__S0                     (abs)       1000
__S1                     (abs)       0038
__S2                     (abs)       0000
___awdiv                 text4       00F3
___awdiv@counter         cstackBANK0 001A
___awdiv@dividend        cstackBANK0 0018
___awdiv@divisor         cstackBANK0 0016
___awdiv@quotient        cstackBANK0 001C
___awdiv@sign            cstackBANK0 001B
___awmod                 text3       0085
___awmod@counter         cstackBANK0 001E
___awmod@dividend        cstackBANK1 0032
___awmod@divisor         cstackBANK1 0030
___awmod@sign            cstackBANK0 001F
___int_sp                stack       0000
___latbits               (abs)       0001
___sp                    stack       0000
___stackhi               (abs)       0000
___stacklo               (abs)       0000
___wmul                  text2       03D4
___wmul@multiplicand     cstackBANK0 0012
___wmul@multiplier       cstackBANK0 0010
___wmul@product          cstackBANK0 0014
__end_of___awdiv         text4       0164
__end_of___awmod         text3       00F3
__end_of___wmul          text2       03FF
__end_of__initialization cinit       0002
__end_of_b_to_bcd        text1       0085
__end_of_main            maintext    0200
__initialization         cinit       0002
__pcstackBANK0           cstackBANK0 0010
__pcstackBANK1           cstackBANK1 0030
__pjmp_tab               jmp_tab     0005
__pmaintext              maintext    0164
__ptext1                 text1       0029
__ptext2                 text2       03D4
__ptext3                 text3       0085
__ptext4                 text4       00F3
__size_of___awdiv        (abs)       0000
__size_of___awmod        (abs)       0000
__size_of___wmul         (abs)       0000
__size_of_b_to_bcd       (abs)       0000
__size_of_main           (abs)       0000
_b_to_bcd                text1       0029
_main                    maintext    0164
_main$491                cstackBANK1 0035
b_to_bcd@x               cstackBANK0 0010
btemp                    (abs)       000D
end_of_initialization    cinit       0002
entry____awdiv           jmp_tab     000B
entry____awmod           jmp_tab     0009
entry____wmul            jmp_tab     0007
entry__b_to_bcd          jmp_tab     0005
main@right               cstackBANK1 0037
reset_vec                reset_vec   03FF
start                    init        0000
start_initialization     cinit       0002
ttemp0                   (abs)       000D
wtemp0                   (abs)       000D


FUNCTION INFORMATION:

 *************** function _main *****************
 Defined at:
		line 75 in file "main.c"
 Parameters:    Size  Location     Type
		None
 Auto vars:     Size  Location     Type
  right           1    7[BANK1 ] unsigned char 
  left            1    0        unsigned char 
 Return value:  Size  Location     Type
                  1   46[None  ] void 
 Registers used:
		wreg, fsr0l, fsr0h, status,2, status,0, btemp+0, btemp+1, btemp+2, pclath, cstack
 Tracked objects:
		On entry : 
		On exit  : 
		Unchanged: 
 Data sizes:      BANK0   BANK1   BANK3   BANK2  COMMON
      Params:         0       0       0       0       0
      Locals:         0       4       0       0       0
      Temps:          0       0       0       0       0
      Totals:         0       4       0       0       0
Total ram usage:        4 bytes
 Hardware stack levels required when called:    1
 This function calls:
		___awdiv
		___awmod
		___wmul
		_b_to_bcd
 This function is called by:
		Startup code after reset
 This function uses a non-reentrant model


 *************** function _b_to_bcd *****************
 Defined at:
		line 22 in file "main.c"
 Parameters:    Size  Location     Type
  x               1    wreg     unsigned char 
 Auto vars:     Size  Location     Type
  x               1    0[BANK0 ] unsigned char 
 Return value:  Size  Location     Type
                  1   22[None  ] void 
 Registers used:
		wreg, fsr0l, fsr0h, status,2, status,0, btemp+0, btemp+1
 Tracked objects:
		On entry : 
		On exit  : 
		Unchanged: 
 Data sizes:      BANK0   BANK1   BANK3   BANK2  COMMON
      Params:         0       0       0       0       0
      Locals:         1       0       0       0       0
      Temps:          0       0       0       0       0
      Totals:         1       0       0       0       0
Total ram usage:        1 bytes
 Hardware stack levels used:    1
 This function calls:
		Nothing
 This function is called by:
		_main
 This function uses a non-reentrant model


 *************** function ___wmul *****************
 Defined at:
		line 15 in file "C:\Program Files (x86)\Microchip\xc8\v2.10\pic\sources\c90\common\Umul16.c"
 Parameters:    Size  Location     Type
  multiplier      2    0[BANK0 ] unsigned int 
  multiplicand    2    2[BANK0 ] unsigned int 
 Auto vars:     Size  Location     Type
  product         2    4[BANK0 ] unsigned int 
 Return value:  Size  Location     Type
                  2    0[BANK0 ] unsigned int 
 Registers used:
		wreg, fsr0l, fsr0h, status,2, status,0, btemp+0, btemp+1
 Tracked objects:
		On entry : 
		On exit  : 
		Unchanged: 
 Data sizes:      BANK0   BANK1   BANK3   BANK2  COMMON
      Params:         4       0       0       0       0
      Locals:         2       0       0       0       0
      Temps:          0       0       0       0       0
      Totals:         6       0       0       0       0
Total ram usage:        6 bytes
 Hardware stack levels used:    1
 This function calls:
		Nothing
 This function is called by:
		_main
 This function uses a non-reentrant model


 *************** function ___awmod *****************
 Defined at:
		line 5 in file "C:\Program Files (x86)\Microchip\xc8\v2.10\pic\sources\c90\common\awmod.c"
 Parameters:    Size  Location     Type
  divisor         2    0[BANK1 ] int 
  dividend        2    2[BANK1 ] int 
 Auto vars:     Size  Location     Type
  sign            1   15[BANK0 ] unsigned char 
  counter         1   14[BANK0 ] unsigned char 
 Return value:  Size  Location     Type
                  2    0[BANK1 ] int 
 Registers used:
		wreg, fsr0l, fsr0h, status,2, status,0, btemp+0, btemp+1, btemp+2
 Tracked objects:
		On entry : 
		On exit  : 
		Unchanged: 
 Data sizes:      BANK0   BANK1   BANK3   BANK2  COMMON
      Params:         0       4       0       0       0
      Locals:         2       0       0       0       0
      Temps:          0       0       0       0       0
      Totals:         2       4       0       0       0
Total ram usage:        6 bytes
 Hardware stack levels used:    1
 This function calls:
		Nothing
 This function is called by:
		_main
 This function uses a non-reentrant model


 *************** function ___awdiv *****************
 Defined at:
		line 5 in file "C:\Program Files (x86)\Microchip\xc8\v2.10\pic\sources\c90\common\awdiv.c"
 Parameters:    Size  Location     Type
  divisor         2    6[BANK0 ] int 
  dividend        2    8[BANK0 ] int 
 Auto vars:     Size  Location     Type
  quotient        2   12[BANK0 ] int 
  sign            1   11[BANK0 ] unsigned char 
  counter         1   10[BANK0 ] unsigned char 
 Return value:  Size  Location     Type
                  2    6[BANK0 ] int 
 Registers used:
		wreg, fsr0l, fsr0h, status,2, status,0, btemp+0, btemp+1, btemp+2
 Tracked objects:
		On entry : 
		On exit  : 
		Unchanged: 
 Data sizes:      BANK0   BANK1   BANK3   BANK2  COMMON
      Params:         4       0       0       0       0
      Locals:         4       0       0       0       0
      Temps:          0       0       0       0       0
      Totals:         8       0       0       0       0
Total ram usage:        8 bytes
 Hardware stack levels used:    1
 This function calls:
		Nothing
 This function is called by:
		_main
 This function uses a non-reentrant model



MODULE INFORMATION

Module		Function		Class		Link	Load	Size
C:\Program Files (x86)\Microchip\xc8\v2.10\pic\sources\c90\common\awdiv.c
		___awdiv       		CODE           	00F3	0000	114

C:\Program Files (x86)\Microchip\xc8\v2.10\pic\sources\c90\common\awdiv.c estimated size: 114

C:\Program Files (x86)\Microchip\xc8\v2.10\pic\sources\c90\common\Umul16.c
		___wmul        		CODE           	03D4	0000	44

C:\Program Files (x86)\Microchip\xc8\v2.10\pic\sources\c90\common\Umul16.c estimated size: 44

shared
		__initialization		ENTRY          	0002	0000	1

shared estimated size: 1

C:\Program Files (x86)\Microchip\xc8\v2.10\pic\sources\c90\common\awmod.c
		___awmod       		CODE           	0085	0000	111

C:\Program Files (x86)\Microchip\xc8\v2.10\pic\sources\c90\common\awmod.c estimated size: 111

main.c
		_main          		CODE           	0164	0000	157
		_b_to_bcd      		CODE           	0029	0000	93

main.c estimated size: 250

